// Vitest Snapshot v1, https://vitest.dev/guide/snapshot.html

exports[`Home component > should render the page 1`] = `
<div>
  <section
    class="flex text-center max-w-96"
  >
    This is a collection of various small, interactive applications / animations that served as a playground for ideas using the canvas HTML element.
  </section>
</div>
`;
